============================================================
  Generated by:           Genus(TM) Synthesis Solution 19.14-s108_1
  Generated on:           Dec 18 2025  06:39:47 pm
  Module:                 mkMACBuff
  Operating conditions:   PVT_0P9V_125C (balanced_tree)
  Wireload mode:          enclosed
  Area mode:              timing library
============================================================


Path 1: MET (0 ps) Setup Check with Pin p4val_m2m3_reg[21]/CK->SI
          Group: CLK
     Startpoint: (R) p3outm3_reg[0]/CK
          Clock: (R) CLK
       Endpoint: (R) p4val_m2m3_reg[21]/SI
          Clock: (R) CLK

                     Capture       Launch     
        Clock Edge:+    2000            0     
       Src Latency:+       0            0     
       Net Latency:+     500 (I)      500 (I) 
           Arrival:=    2500          500     
                                              
             Setup:-     233                  
       Uncertainty:-     500                  
     Required Time:=    1767                  
      Launch Clock:-     500                  
         Data Path:-    1267                  
             Slack:=       0                  

#----------------------------------------------------------------------------------------------
#     Timing Point      Flags   Arc   Edge   Cell     Fanout Load Trans Delay Arrival Instance 
#                                                            (fF)  (ps)  (ps)   (ps)  Location 
#----------------------------------------------------------------------------------------------
  p3outm3_reg[0]/CK     -       -     R     (arrival)   1281    -     0     -     500    (-,-) 
  p3outm3_reg[0]/Q      -       CK->Q R     SDFFQX1        3  1.2    37   182     682    (-,-) 
  g220068/Y             -       A->Y  F     NAND2X2        4  1.0    64    71     753    (-,-) 
  g218270/Y             -       B->Y  R     NOR2BX1        1  0.4    49    65     818    (-,-) 
  g218046/Y             -       B->Y  F     NOR2X1         2  0.7    41    51     869    (-,-) 
  g217833/Y             -       A->Y  R     NOR2X1         2  1.0    73    77     946    (-,-) 
  g217701/Y             -       B->Y  F     NOR2X2         1  1.4    43    61    1007    (-,-) 
  g217659/Y             -       B->Y  R     NOR2X4         3  1.4    42    48    1055    (-,-) 
  g217558/Y             -       A->Y  F     INVX2          3  2.1    42    47    1102    (-,-) 
  g210922/Y             -       A1->Y R     OAI21X4        4  1.6    59    60    1162    (-,-) 
  g210741/Y             -       B->Y  F     NAND2X1        2  0.7    76    82    1244    (-,-) 
  g210490/Y             -       B->Y  R     NAND2BX1       3  1.0    46    66    1310    (-,-) 
  g210334/Y             -       B->Y  F     NOR2X1         1  0.7    44    49    1359    (-,-) 
  g210313/Y             -       B->Y  R     NOR2X2         3  1.0    51    55    1414    (-,-) 
  g209956/Y             -       A1->Y F     AOI21X1        4  1.0   108   107    1520    (-,-) 
  g209648/Y             -       A1->Y R     AOI21XL        1  0.4    67   111    1631    (-,-) 
  g212498/Y             -       B->Y  R     XOR2XL         1  0.2    22   136    1767    (-,-) 
  p4val_m2m3_reg[21]/SI <<<     -     R     SDFFQX1        1    -     -     0    1767    (-,-) 
#----------------------------------------------------------------------------------------------

