============================================================
  Generated by:           Genus(TM) Synthesis Solution 19.14-s108_1
  Generated on:           Nov 30 2025  02:31:19 pm
  Module:                 mkMACBuff
  Technology library:     slow_vdd1v0 1.0
  Operating conditions:   PVT_0P9V_125C (balanced_tree)
  Wireload mode:          enclosed
  Area mode:              timing library
============================================================

                                
   Gate    Instances    Area        Library    
-----------------------------------------------
ADDFX1           192    984.960    slow_vdd1v0 
AND2X1            46     62.928    slow_vdd1v0 
AND2XL           159    217.512    slow_vdd1v0 
AO21X1             8     19.152    slow_vdd1v0 
AO21XL            64    153.216    slow_vdd1v0 
AO22XL           204    558.144    slow_vdd1v0 
AOI211XL          10     20.520    slow_vdd1v0 
AOI21X1          201    343.710    slow_vdd1v0 
AOI21XL            8     13.680    slow_vdd1v0 
AOI221X1          56    134.064    slow_vdd1v0 
AOI22X1            5     10.260    slow_vdd1v0 
AOI22XL           64    131.328    slow_vdd1v0 
AOI2BB1X1         34     69.768    slow_vdd1v0 
AOI2BB1XL         76    155.952    slow_vdd1v0 
AOI31X1           31     63.612    slow_vdd1v0 
AOI32X1           38     90.972    slow_vdd1v0 
BUFX2            128    218.880    slow_vdd1v0 
CLKINVX20          1      6.498    slow_vdd1v0 
DFFHQX1          412   2254.464    slow_vdd1v0 
DFFQX2             2     12.996    slow_vdd1v0 
DFFQXL             6     32.832    slow_vdd1v0 
DFFX1              1      7.182    slow_vdd1v0 
INVX1            434    296.856    slow_vdd1v0 
INVX12             1      4.104    slow_vdd1v0 
INVXL              4      2.736    slow_vdd1v0 
MX2XL              1      2.394    slow_vdd1v0 
MXI2XL            39     93.366    slow_vdd1v0 
NAND2BX1         262    358.416    slow_vdd1v0 
NAND2BXL          38     51.984    slow_vdd1v0 
NAND2X1         1373   1408.698    slow_vdd1v0 
NAND2XL          299    306.774    slow_vdd1v0 
NAND3BX1           4      8.208    slow_vdd1v0 
NAND3BXL         105    179.550    slow_vdd1v0 
NAND3X1           20     34.200    slow_vdd1v0 
NOR2BX1          429    586.872    slow_vdd1v0 
NOR2X1          1156   1186.056    slow_vdd1v0 
NOR2X2             8     13.680    slow_vdd1v0 
NOR2XL           145    148.770    slow_vdd1v0 
NOR3BX1            7     14.364    slow_vdd1v0 
NOR3X1             3      5.130    slow_vdd1v0 
OA21X1            87    178.524    slow_vdd1v0 
OAI211X1         135    230.850    slow_vdd1v0 
OAI21X1          194    331.740    slow_vdd1v0 
OAI21X2            3      9.234    slow_vdd1v0 
OAI22X1            1      2.052    slow_vdd1v0 
OAI22XL           16     32.832    slow_vdd1v0 
OAI2BB1X1        319    545.490    slow_vdd1v0 
OAI2BB1X2          3      9.234    slow_vdd1v0 
OAI31X1           17     34.884    slow_vdd1v0 
OAI32X1           48    114.912    slow_vdd1v0 
OR2X1            127    173.736    slow_vdd1v0 
OR2XL             96    131.328    slow_vdd1v0 
OR3X1              1      2.052    slow_vdd1v0 
SDFFQX1          849   6387.876    slow_vdd1v0 
XNOR2X1         1034   2475.396    slow_vdd1v0 
XOR2XL            80    218.880    slow_vdd1v0 
-----------------------------------------------
total           9084  21143.808                


                                          
     Type      Instances    Area   Area % 
------------------------------------------
sequential          1270  8695.350   41.1 
inverter             440   310.194    1.5 
buffer               128   218.880    1.0 
logic               7246 11919.384   56.4 
physical_cells         0     0.000    0.0 
------------------------------------------
total               9084 21143.808  100.0 

