============================================================
  Generated by:           Genus(TM) Synthesis Solution 19.14-s108_1
  Generated on:           Dec 18 2025  06:39:48 pm
  Module:                 mkMACBuff
  Operating conditions:   PVT_0P9V_125C (balanced_tree)
  Wireload mode:          enclosed
  Area mode:              timing library
============================================================

Timing
--------

     Clock     Period 
----------------------
CLK            2000.0 
io_virtual_clk 2000.0 


     Cost        Critical         Violating 
     Group      Path Slack  TNS     Paths   
--------------------------------------------
CLK                    0.5   0.0          0 
default           No paths   0.0            
io_virtual_clk       347.4   0.0          0 
--------------------------------------------
Total                        0.0          0 

Instance Count
--------------
Leaf Instance Count             8345 
Physical Instance count            0 
Sequential Instance Count       1281 
Combinational Instance Count    7064 
Hierarchical Instance Count        0 

Area
----
Cell Area                          20694.420
Physical Cell Area                 0.000
Total Cell Area (Cell+Physical)    20694.420
Net Area                           0.000
Total Area (Cell+Physical+Net)     20694.420

Max Fanout                         1281 (CLK)
Min Fanout                         0 (logic_1_1_net)
Average Fanout                     2.4
Terms to net ratio                 3.3592
Terms to instance ratio            3.4929
Runtime                            146.1448369999998 seconds
Elapsed Runtime                    1221 seconds
Genus peak memory usage            1277.14 
Innovus peak memory usage          no_value 
Hostname                           ssh-soc.ece.ubc.ca
