###############################################################
#  Generated by:      Cadence Innovus 21.17-s075_1
#  OS:                Linux x86_64(Host ID ssh-soc.ece.ubc.ca)
#  Generated on:      Mon Dec 22 14:23:52 2025
#  Design:            mkMACBuff
#  Command:           report_timing -nworst 5 > ./reports/${TOP_LEVEL}_preCTS.rpt
###############################################################
Path 1: VIOLATED Setup Check with Pin p0r10m0_reg[6]/CK 
Endpoint:   p0r10m0_reg[6]/D (v) checked with  leading edge of 'CLK'
Beginpoint: mac_vectA_0[8]   (^) triggered by  leading edge of 'io_virtual_clk'
Path Groups: {in2reg}
Analysis View: av_lsMax_rcWorst_cmFunc
Other End Arrival Time          0.500
- Setup                         0.190
+ Phase Shift                   2.000
- Uncertainty                   0.500
= Required Time                 1.810
- Arrival Time                  1.824
= Slack Time                   -0.013
     Clock Rise Edge                      0.000
     + Input Delay                        0.500
     + Drive Adjustment                   0.077
     = Beginpoint Arrival Time            0.577
     +-------------------------------------------------------------------------------------+ 
     |         Instance         |       Arc        |   Cell   | Delay | Arrival | Required | 
     |                          |                  |          |       |  Time   |   Time   | 
     |--------------------------+------------------+----------+-------+---------+----------| 
     |                          | mac_vectA_0[8] ^ |          |       |   0.577 |    0.564 | 
     | FE_OCPC404_mac_vectA_0_8 | A ^ -> Y ^       | BUFX12   | 0.162 |   0.739 |    0.725 | 
     | FE_RC_4993_0             | A1 ^ -> Y v      | AOI22X2  | 0.157 |   0.896 |    0.882 | 
     | FE_RC_2990_0             | A v -> Y ^       | NOR2X2   | 0.133 |   1.029 |    1.016 | 
     | FE_RC_5871_0             | A ^ -> Y v       | INVX2    | 0.062 |   1.091 |    1.078 | 
     | FE_RC_5870_0             | A1 v -> Y ^      | OAI21X2  | 0.069 |   1.160 |    1.147 | 
     | g216941                  | B ^ -> CO ^      | ADDFX1   | 0.224 |   1.384 |    1.370 | 
     | g216755_dup2             | AN ^ -> Y ^      | NOR2BX1  | 0.129 |   1.513 |    1.499 | 
     | g216525                  | A1 ^ -> Y v      | AOI21X2  | 0.116 |   1.629 |    1.616 | 
     | FE_RC_260_0              | B v -> Y ^       | NAND2X1  | 0.078 |   1.707 |    1.694 | 
     | FE_RC_294_0              | B0 ^ -> Y v      | OAI21X1  | 0.117 |   1.824 |    1.810 | 
     | p0r10m0_reg[6]           | D v              | SDFFHQX1 | 0.000 |   1.824 |    1.810 | 
     +-------------------------------------------------------------------------------------+ 
Path 2: VIOLATED Setup Check with Pin p0r10m0_reg[6]/CK 
Endpoint:   p0r10m0_reg[6]/D (v) checked with  leading edge of 'CLK'
Beginpoint: mac_vectA_0[8]   (v) triggered by  leading edge of 'io_virtual_clk'
Path Groups: {in2reg}
Analysis View: av_lsMax_rcWorst_cmFunc
Other End Arrival Time          0.500
- Setup                         0.190
+ Phase Shift                   2.000
- Uncertainty                   0.500
= Required Time                 1.810
- Arrival Time                  1.821
= Slack Time                   -0.010
     Clock Rise Edge                      0.000
     + Input Delay                        0.500
     + Drive Adjustment                   0.090
     = Beginpoint Arrival Time            0.590
     +--------------------------------------------------------------------------------------+ 
     |         Instance         |       Arc        |   Cell    | Delay | Arrival | Required | 
     |                          |                  |           |       |  Time   |   Time   | 
     |--------------------------+------------------+-----------+-------+---------+----------| 
     |                          | mac_vectA_0[8] v |           |       |   0.590 |    0.579 | 
     | FE_OCPC404_mac_vectA_0_8 | A v -> Y v       | BUFX12    | 0.172 |   0.762 |    0.751 | 
     | g219849                  | B v -> Y ^       | NAND2X2   | 0.059 |   0.821 |    0.810 | 
     | FE_RC_5522_0             | A ^ -> Y v       | CLKXOR2X1 | 0.195 |   1.016 |    1.005 | 
     | FE_RC_6156_0             | A v -> Y ^       | INVX2     | 0.040 |   1.056 |    1.046 | 
     | FE_RC_6155_0             | A ^ -> Y v       | NAND2X2   | 0.064 |   1.120 |    1.109 | 
     | FE_RC_6153_0             | B0 v -> Y ^      | OAI21X2   | 0.051 |   1.171 |    1.160 | 
     | g216941                  | CI ^ -> CO ^     | ADDFX1    | 0.210 |   1.381 |    1.370 | 
     | g216755_dup2             | AN ^ -> Y ^      | NOR2BX1   | 0.129 |   1.510 |    1.499 | 
     | g216525                  | A1 ^ -> Y v      | AOI21X2   | 0.116 |   1.626 |    1.616 | 
     | FE_RC_260_0              | B v -> Y ^       | NAND2X1   | 0.078 |   1.704 |    1.694 | 
     | FE_RC_294_0              | B0 ^ -> Y v      | OAI21X1   | 0.117 |   1.821 |    1.810 | 
     | p0r10m0_reg[6]           | D v              | SDFFHQX1  | 0.000 |   1.821 |    1.810 | 
     +--------------------------------------------------------------------------------------+ 
Path 3: VIOLATED Setup Check with Pin p2sum0m0_reg[18]/CK 
Endpoint:   p2sum0m0_reg[18]/D (^) checked with  leading edge of 'CLK'
Beginpoint: p1sum0m0_reg[6]/Q  (v) triggered by  leading edge of 'CLK'
Path Groups: {reg2reg}
Analysis View: av_lsMax_rcWorst_cmFunc
Other End Arrival Time          0.500
- Setup                         0.253
+ Phase Shift                   2.000
- Uncertainty                   0.500
= Required Time                 1.747
- Arrival Time                  1.748
= Slack Time                   -0.001
     Clock Rise Edge                 0.000
     + Clock Network Latency (Ideal) 0.500
     = Beginpoint Arrival Time       0.500
     +-------------------------------------------------------------------------+ 
     |     Instance     |     Arc     |   Cell    | Delay | Arrival | Required | 
     |                  |             |           |       |  Time   |   Time   | 
     |------------------+-------------+-----------+-------+---------+----------| 
     | p1sum0m0_reg[6]  | CK ^        |           |       |   0.500 |    0.499 | 
     | p1sum0m0_reg[6]  | CK ^ -> Q v | SDFFQX1   | 0.210 |   0.710 |    0.709 | 
     | g219803          | A v -> Y ^  | NOR2X1    | 0.081 |   0.791 |    0.790 | 
     | FE_RC_2224_0     | A ^ -> Y v  | INVX1     | 0.056 |   0.846 |    0.845 | 
     | FE_RC_2223_0     | AN v -> Y v | NOR2BX4   | 0.120 |   0.967 |    0.966 | 
     | FE_RC_33_0       | B v -> Y ^  | NOR2X4    | 0.064 |   1.030 |    1.029 | 
     | FE_RC_19_0       | A1 ^ -> Y v | AOI21X4   | 0.103 |   1.134 |    1.133 | 
     | FE_OFC415_n_5916 | A v -> Y ^  | CLKINVX4  | 0.071 |   1.205 |    1.204 | 
     | g210880          | B ^ -> Y v  | NOR2X4    | 0.049 |   1.254 |    1.253 | 
     | g210762          | B v -> Y ^  | NOR2X6    | 0.070 |   1.324 |    1.323 | 
     | g210719          | A ^ -> Y v  | INVX3     | 0.063 |   1.387 |    1.386 | 
     | FE_RC_6016_0     | B v -> Y v  | CLKAND2X6 | 0.085 |   1.472 |    1.471 | 
     | FE_RC_733_0      | B v -> Y ^  | NOR2X2    | 0.043 |   1.515 |    1.514 | 
     | FE_RC_732_0      | B ^ -> Y v  | NOR2X2    | 0.049 |   1.564 |    1.563 | 
     | FE_RC_2144_0     | B v -> Y ^  | NOR2BX1   | 0.061 |   1.626 |    1.624 | 
     | FE_RC_3826_0     | A ^ -> Y v  | INVX1     | 0.062 |   1.687 |    1.686 | 
     | FE_RC_3825_0     | A v -> Y ^  | NAND2X4   | 0.060 |   1.747 |    1.746 | 
     | p2sum0m0_reg[18] | D ^         | SDFFQX1   | 0.001 |   1.748 |    1.747 | 
     +-------------------------------------------------------------------------+ 
Path 4: VIOLATED Setup Check with Pin p0r10m0_reg[6]/CK 
Endpoint:   p0r10m0_reg[6]/D (v) checked with  leading edge of 'CLK'
Beginpoint: mac_vectA_0[8]   (^) triggered by  leading edge of 'io_virtual_clk'
Path Groups: {in2reg}
Analysis View: av_lsMax_rcWorst_cmFunc
Other End Arrival Time          0.500
- Setup                         0.190
+ Phase Shift                   2.000
- Uncertainty                   0.500
= Required Time                 1.810
- Arrival Time                  1.811
= Slack Time                   -0.001
     Clock Rise Edge                      0.000
     + Input Delay                        0.500
     + Drive Adjustment                   0.077
     = Beginpoint Arrival Time            0.577
     +--------------------------------------------------------------------------------------+ 
     |         Instance         |       Arc        |   Cell    | Delay | Arrival | Required | 
     |                          |                  |           |       |  Time   |   Time   | 
     |--------------------------+------------------+-----------+-------+---------+----------| 
     |                          | mac_vectA_0[8] ^ |           |       |   0.577 |    0.576 | 
     | FE_OCPC404_mac_vectA_0_8 | A ^ -> Y ^       | BUFX12    | 0.162 |   0.739 |    0.738 | 
     | g219849                  | B ^ -> Y v       | NAND2X2   | 0.078 |   0.817 |    0.816 | 
     | FE_RC_5522_0             | A v -> Y ^       | CLKXOR2X1 | 0.218 |   1.035 |    1.034 | 
     | FE_RC_6154_0             | A ^ -> Y v       | INVX1     | 0.051 |   1.086 |    1.085 | 
     | FE_RC_6153_0             | A0 v -> Y ^      | OAI21X2   | 0.075 |   1.161 |    1.160 | 
     | g216941                  | CI ^ -> CO ^     | ADDFX1    | 0.210 |   1.371 |    1.370 | 
     | g216755_dup2             | AN ^ -> Y ^      | NOR2BX1   | 0.129 |   1.500 |    1.499 | 
     | g216525                  | A1 ^ -> Y v      | AOI21X2   | 0.116 |   1.616 |    1.616 | 
     | FE_RC_260_0              | B v -> Y ^       | NAND2X1   | 0.078 |   1.694 |    1.694 | 
     | FE_RC_294_0              | B0 ^ -> Y v      | OAI21X1   | 0.117 |   1.811 |    1.810 | 
     | p0r10m0_reg[6]           | D v              | SDFFHQX1  | 0.000 |   1.811 |    1.810 | 
     +--------------------------------------------------------------------------------------+ 
Path 5: MET Setup Check with Pin p1sum1m0_reg[16]/CK 
Endpoint:   p1sum1m0_reg[16]/D (^) checked with  leading edge of 'CLK'
Beginpoint: p0r4m0_reg[5]/Q    (v) triggered by  leading edge of 'CLK'
Path Groups: {reg2reg}
Analysis View: av_lsMax_rcWorst_cmFunc
Other End Arrival Time          0.500
- Setup                         0.307
+ Phase Shift                   2.000
- Uncertainty                   0.500
= Required Time                 1.693
- Arrival Time                  1.692
= Slack Time                    0.001
     Clock Rise Edge                 0.000
     + Clock Network Latency (Ideal) 0.500
     = Beginpoint Arrival Time       0.500
     +-----------------------------------------------------------------------+ 
     |     Instance     |     Arc     |  Cell   | Delay | Arrival | Required | 
     |                  |             |         |       |  Time   |   Time   | 
     |------------------+-------------+---------+-------+---------+----------| 
     | p0r4m0_reg[5]    | CK ^        |         |       |   0.500 |    0.501 | 
     | p0r4m0_reg[5]    | CK ^ -> Q v | SDFFQX1 | 0.220 |   0.720 |    0.720 | 
     | g219677          | A v -> Y ^  | NOR2X2  | 0.085 |   0.804 |    0.805 | 
     | FE_RC_2081_0     | A ^ -> Y v  | NOR2X4  | 0.058 |   0.863 |    0.864 | 
     | FE_RC_2080_0     | B v -> Y ^  | NOR2X4  | 0.055 |   0.918 |    0.918 | 
     | FE_RC_46_0       | A1 ^ -> Y v | OAI21X4 | 0.089 |   1.006 |    1.007 | 
     | g210558          | A1 v -> Y ^ | OAI21X4 | 0.086 |   1.092 |    1.093 | 
     | g210224          | B ^ -> Y v  | NOR2X4  | 0.055 |   1.148 |    1.149 | 
     | g210138          | B v -> Y ^  | NAND2X2 | 0.043 |   1.191 |    1.192 | 
     | g209958          | B ^ -> Y v  | NAND2X2 | 0.075 |   1.266 |    1.267 | 
     | FE_OFC409_n_2337 | A v -> Y ^  | INVX3   | 0.064 |   1.330 |    1.331 | 
     | FE_RC_3855_0     | B ^ -> Y v  | NOR2BX4 | 0.041 |   1.372 |    1.372 | 
     | FE_RC_3854_0     | B v -> Y ^  | NOR2X4  | 0.065 |   1.437 |    1.438 | 
     | FE_RC_2230_0     | A ^ -> Y v  | INVX1   | 0.063 |   1.500 |    1.501 | 
     | g209437          | B v -> Y ^  | XOR2XL  | 0.192 |   1.692 |    1.692 | 
     | p1sum1m0_reg[16] | D ^         | SDFFQX1 | 0.000 |   1.692 |    1.693 | 
     +-----------------------------------------------------------------------+ 

