###############################################################
#  Generated by:      Cadence Innovus 21.17-s075_1
#  OS:                Linux x86_64(Host ID ssh-soc.ece.ubc.ca)
#  Generated on:      Mon Dec 22 14:27:51 2025
#  Design:            mkMACBuff
#  Command:           report_timing -nworst 5 > ./reports/${TOP_LEVEL}_postRoute.rpt
###############################################################
Path 1: MET Setup Check with Pin write_addr_reg_reg[2]/CK 
Endpoint:   write_addr_reg_reg[2]/D (^) checked with  leading edge of 'CLK'
Beginpoint: RST_N                   (^) triggered by  leading edge of '@'
Path Groups: {in2reg}
Analysis View: av_lsMax_rcWorst_cmFunc
Other End Arrival Time          0.459
- Setup                         0.110
+ Phase Shift                   2.000
+ CPPR Adjustment               0.000
= Required Time                 2.349
- Arrival Time                  1.965
= Slack Time                    0.384
     Clock Rise Edge                      0.000
     + Input Delay                        0.000
     = Beginpoint Arrival Time            0.000
     +---------------------------------------------------------------------------------+ 
     |         Instance         |     Arc     |   Cell    | Delay | Arrival | Required | 
     |                          |             |           |       |  Time   |   Time   | 
     |--------------------------+-------------+-----------+-------+---------+----------| 
     |                          | RST_N ^     |           |       |   0.000 |    0.384 | 
     | FE_PHC1172_RST_N         | A ^ -> Y ^  | DLY1X4    | 0.221 |   0.221 |    0.605 | 
     | FE_PHC1173_RST_N         | A ^ -> Y ^  | CLKBUFX12 | 0.163 |   0.384 |    0.768 | 
     | FE_OFC18_RST_N           | A ^ -> Y ^  | BUFX6     | 0.207 |   0.591 |    0.975 | 
     | FE_DBTC0_RST_N           | A ^ -> Y v  | INVX2     | 0.130 |   0.721 |    1.105 | 
     | FE_OFC854_FE_DBTN0_RST_N | A v -> Y v  | BUFX6     | 0.178 |   0.899 |    1.283 | 
     | FE_OFC4_FE_DBTN0_RST_N   | A v -> Y v  | BUFX6     | 0.234 |   1.134 |    1.518 | 
     | g211947                  | A v -> Y v  | OR2X1     | 0.237 |   1.371 |    1.755 | 
     | g210103                  | A v -> Y ^  | NAND2X1   | 0.103 |   1.474 |    1.858 | 
     | g212474                  | B ^ -> Y v  | NAND2BX1  | 0.164 |   1.638 |    2.022 | 
     | FE_RC_4680_0             | D v -> Y v  | OR4X1     | 0.280 |   1.918 |    2.302 | 
     | FE_RC_3657_0             | B0 v -> Y ^ | OAI2BB1X1 | 0.047 |   1.965 |    2.349 | 
     | write_addr_reg_reg[2]    | D ^         | DFFHQX1   | 0.000 |   1.965 |    2.349 | 
     +---------------------------------------------------------------------------------+ 
Path 2: MET Setup Check with Pin write_addr_reg_reg[4]/CK 
Endpoint:   write_addr_reg_reg[4]/D (^) checked with  leading edge of 'CLK'
Beginpoint: RST_N                   (^) triggered by  leading edge of '@'
Path Groups: {in2reg}
Analysis View: av_lsMax_rcWorst_cmFunc
Other End Arrival Time          0.459
- Setup                         0.110
+ Phase Shift                   2.000
+ CPPR Adjustment               0.000
= Required Time                 2.350
- Arrival Time                  1.964
= Slack Time                    0.386
     Clock Rise Edge                      0.000
     + Input Delay                        0.000
     = Beginpoint Arrival Time            0.000
     +---------------------------------------------------------------------------------+ 
     |         Instance         |     Arc     |   Cell    | Delay | Arrival | Required | 
     |                          |             |           |       |  Time   |   Time   | 
     |--------------------------+-------------+-----------+-------+---------+----------| 
     |                          | RST_N ^     |           |       |   0.000 |    0.386 | 
     | FE_PHC1172_RST_N         | A ^ -> Y ^  | DLY1X4    | 0.221 |   0.221 |    0.607 | 
     | FE_PHC1173_RST_N         | A ^ -> Y ^  | CLKBUFX12 | 0.163 |   0.384 |    0.770 | 
     | FE_OFC18_RST_N           | A ^ -> Y ^  | BUFX6     | 0.207 |   0.591 |    0.977 | 
     | FE_DBTC0_RST_N           | A ^ -> Y v  | INVX2     | 0.130 |   0.721 |    1.107 | 
     | FE_OFC854_FE_DBTN0_RST_N | A v -> Y v  | BUFX6     | 0.178 |   0.899 |    1.285 | 
     | FE_OFC4_FE_DBTN0_RST_N   | A v -> Y v  | BUFX6     | 0.234 |   1.134 |    1.519 | 
     | g211947                  | A v -> Y v  | OR2X1     | 0.237 |   1.371 |    1.757 | 
     | g210103                  | A v -> Y ^  | NAND2X1   | 0.103 |   1.474 |    1.860 | 
     | g212474                  | B ^ -> Y v  | NAND2BX1  | 0.164 |   1.638 |    2.024 | 
     | FE_RC_4642_0             | D v -> Y v  | OR4X1     | 0.280 |   1.918 |    2.304 | 
     | g209436                  | B0 v -> Y ^ | OAI2BB1X1 | 0.046 |   1.964 |    2.350 | 
     | write_addr_reg_reg[4]    | D ^         | DFFHQX1   | 0.000 |   1.964 |    2.350 | 
     +---------------------------------------------------------------------------------+ 
Path 3: MET Setup Check with Pin write_addr_reg_reg[2]/CK 
Endpoint:   write_addr_reg_reg[2]/D (v) checked with  leading edge of 'CLK'
Beginpoint: RST_N                   (v) triggered by  leading edge of '@'
Path Groups: {in2reg}
Analysis View: av_lsMax_rcWorst_cmFunc
Other End Arrival Time          0.459
- Setup                         0.061
+ Phase Shift                   2.000
+ CPPR Adjustment               0.000
= Required Time                 2.398
- Arrival Time                  1.999
= Slack Time                    0.399
     Clock Rise Edge                      0.000
     + Input Delay                        0.000
     = Beginpoint Arrival Time            0.000
     +----------------------------------------------------------------------------------+ 
     |         Instance         |     Arc      |   Cell    | Delay | Arrival | Required | 
     |                          |              |           |       |  Time   |   Time   | 
     |--------------------------+--------------+-----------+-------+---------+----------| 
     |                          | RST_N v      |           |       |   0.000 |    0.399 | 
     | FE_PHC1172_RST_N         | A v -> Y v   | DLY1X4    | 0.242 |   0.242 |    0.641 | 
     | FE_PHC1173_RST_N         | A v -> Y v   | CLKBUFX12 | 0.180 |   0.422 |    0.821 | 
     | FE_OFC18_RST_N           | A v -> Y v   | BUFX6     | 0.233 |   0.655 |    1.054 | 
     | FE_DBTC0_RST_N           | A v -> Y ^   | INVX2     | 0.137 |   0.792 |    1.191 | 
     | FE_OFC854_FE_DBTN0_RST_N | A ^ -> Y ^   | BUFX6     | 0.166 |   0.958 |    1.357 | 
     | FE_OFC4_FE_DBTN0_RST_N   | A ^ -> Y ^   | BUFX6     | 0.210 |   1.169 |    1.568 | 
     | g211947                  | A ^ -> Y ^   | OR2X1     | 0.190 |   1.358 |    1.757 | 
     | g210103                  | A ^ -> Y v   | NAND2X1   | 0.154 |   1.512 |    1.911 | 
     | FE_OFC664_n_2222         | A v -> Y ^   | INVX1     | 0.119 |   1.631 |    2.030 | 
     | FE_RC_995_0              | B ^ -> Y v   | NOR2X1    | 0.064 |   1.696 |    2.095 | 
     | FE_RC_994_0              | B v -> Y ^   | NOR2X1    | 0.083 |   1.779 |    2.178 | 
     | g209692                  | B0 ^ -> Y v  | OAI21X1   | 0.106 |   1.885 |    2.284 | 
     | FE_RC_3657_0             | A1N v -> Y v | OAI2BB1X1 | 0.115 |   1.999 |    2.398 | 
     | write_addr_reg_reg[2]    | D v          | DFFHQX1   | 0.000 |   1.999 |    2.398 | 
     +----------------------------------------------------------------------------------+ 
Path 4: MET Setup Check with Pin write_addr_reg_reg[3]/CK 
Endpoint:   write_addr_reg_reg[3]/D (^) checked with  leading edge of 'CLK'
Beginpoint: RST_N                   (^) triggered by  leading edge of '@'
Path Groups: {in2reg}
Analysis View: av_lsMax_rcWorst_cmFunc
Other End Arrival Time          0.457
- Setup                         0.172
+ Phase Shift                   2.000
+ CPPR Adjustment               0.000
= Required Time                 2.285
- Arrival Time                  1.852
= Slack Time                    0.433
     Clock Rise Edge                      0.000
     + Input Delay                        0.000
     = Beginpoint Arrival Time            0.000
     +---------------------------------------------------------------------------------+ 
     |         Instance         |     Arc     |   Cell    | Delay | Arrival | Required | 
     |                          |             |           |       |  Time   |   Time   | 
     |--------------------------+-------------+-----------+-------+---------+----------| 
     |                          | RST_N ^     |           |       |   0.000 |    0.433 | 
     | FE_PHC1172_RST_N         | A ^ -> Y ^  | DLY1X4    | 0.221 |   0.221 |    0.654 | 
     | FE_PHC1173_RST_N         | A ^ -> Y ^  | CLKBUFX12 | 0.163 |   0.384 |    0.817 | 
     | FE_OFC18_RST_N           | A ^ -> Y ^  | BUFX6     | 0.207 |   0.591 |    1.024 | 
     | FE_DBTC0_RST_N           | A ^ -> Y v  | INVX2     | 0.130 |   0.721 |    1.154 | 
     | FE_OFC854_FE_DBTN0_RST_N | A v -> Y v  | BUFX6     | 0.178 |   0.899 |    1.332 | 
     | FE_OFC4_FE_DBTN0_RST_N   | A v -> Y v  | BUFX6     | 0.234 |   1.134 |    1.566 | 
     | g211947                  | A v -> Y v  | OR2X1     | 0.237 |   1.371 |    1.804 | 
     | g210103                  | A v -> Y ^  | NAND2X1   | 0.103 |   1.474 |    1.907 | 
     | g212474                  | B ^ -> Y v  | NAND2BX1  | 0.164 |   1.638 |    2.071 | 
     | g209556                  | A0 v -> Y ^ | OAI32X1   | 0.214 |   1.852 |    2.285 | 
     | write_addr_reg_reg[3]    | D ^         | DFFX1     | 0.000 |   1.852 |    2.285 | 
     +---------------------------------------------------------------------------------+ 
Path 5: MET Setup Check with Pin write_addr_reg_reg[1]/CK 
Endpoint:   write_addr_reg_reg[1]/D (^) checked with  leading edge of 'CLK'
Beginpoint: RST_N                   (^) triggered by  leading edge of '@'
Path Groups: {in2reg}
Analysis View: av_lsMax_rcWorst_cmFunc
Other End Arrival Time          0.459
- Setup                         0.169
+ Phase Shift                   2.000
+ CPPR Adjustment               0.000
= Required Time                 2.290
- Arrival Time                  1.852
= Slack Time                    0.438
     Clock Rise Edge                      0.000
     + Input Delay                        0.000
     = Beginpoint Arrival Time            0.000
     +---------------------------------------------------------------------------------+ 
     |         Instance         |     Arc     |   Cell    | Delay | Arrival | Required | 
     |                          |             |           |       |  Time   |   Time   | 
     |--------------------------+-------------+-----------+-------+---------+----------| 
     |                          | RST_N ^     |           |       |   0.000 |    0.438 | 
     | FE_PHC1172_RST_N         | A ^ -> Y ^  | DLY1X4    | 0.221 |   0.221 |    0.659 | 
     | FE_PHC1173_RST_N         | A ^ -> Y ^  | CLKBUFX12 | 0.163 |   0.384 |    0.822 | 
     | FE_OFC18_RST_N           | A ^ -> Y ^  | BUFX6     | 0.207 |   0.591 |    1.029 | 
     | FE_DBTC0_RST_N           | A ^ -> Y v  | INVX2     | 0.130 |   0.721 |    1.159 | 
     | FE_OFC854_FE_DBTN0_RST_N | A v -> Y v  | BUFX6     | 0.178 |   0.899 |    1.338 | 
     | FE_OFC4_FE_DBTN0_RST_N   | A v -> Y v  | BUFX6     | 0.234 |   1.134 |    1.572 | 
     | g211947                  | A v -> Y v  | OR2X1     | 0.237 |   1.371 |    1.809 | 
     | g210103                  | A v -> Y ^  | NAND2X1   | 0.103 |   1.474 |    1.912 | 
     | g212474                  | B ^ -> Y v  | NAND2BX1  | 0.164 |   1.638 |    2.076 | 
     | g209599                  | A0 v -> Y ^ | OAI32X1   | 0.214 |   1.852 |    2.290 | 
     | write_addr_reg_reg[1]    | D ^         | DFFX1     | 0.000 |   1.852 |    2.290 | 
     +---------------------------------------------------------------------------------+ 

