###############################################################
#  Generated by:      Cadence Innovus 21.17-s075_1
#  OS:                Linux x86_64(Host ID ssh-soc.ece.ubc.ca)
#  Generated on:      Mon Dec 22 14:09:13 2025
#  Design:            mkMACBuff
#  Command:           report_timing -nworst 5 > ./reports/${TOP_LEVEL}_prePlace.rpt
###############################################################
Path 1: VIOLATED Setup Check with Pin p4val_m2m3_reg[21]/CK 
Endpoint:   p4val_m2m3_reg[21]/SI (^) checked with  leading edge of 'CLK'
Beginpoint: p3outm3_reg[0]/Q      (^) triggered by  leading edge of 'CLK'
Path Groups: {CLK}
Analysis View: av_lsMax_rcWorst_cmFunc
Other End Arrival Time          0.500
- Setup                         0.233
+ Phase Shift                   2.000
- Uncertainty                   0.500
= Required Time                 1.767
- Arrival Time                  1.772
= Slack Time                   -0.005
     Clock Rise Edge                 0.000
     + Clock Network Latency (Ideal) 0.500
     = Beginpoint Arrival Time       0.500
     +--------------------------------------------------------------------------+ 
     |      Instance      |     Arc     |   Cell   | Delay | Arrival | Required | 
     |                    |             |          |       |  Time   |   Time   | 
     |--------------------+-------------+----------+-------+---------+----------| 
     | p3outm3_reg[0]     | CK ^        |          |       |   0.500 |    0.495 | 
     | p3outm3_reg[0]     | CK ^ -> Q ^ | SDFFQX1  | 0.186 |   0.686 |    0.682 | 
     | g220068            | A ^ -> Y v  | NAND2X2  | 0.072 |   0.759 |    0.754 | 
     | g218270            | B v -> Y ^  | NOR2BX1  | 0.066 |   0.824 |    0.819 | 
     | g218046            | B ^ -> Y v  | NOR2X1   | 0.051 |   0.875 |    0.870 | 
     | g217833            | A v -> Y ^  | NOR2X1   | 0.077 |   0.952 |    0.947 | 
     | g217701            | B ^ -> Y v  | NOR2X2   | 0.062 |   1.014 |    1.009 | 
     | g217659            | B v -> Y ^  | NOR2X4   | 0.048 |   1.062 |    1.058 | 
     | g217558            | A ^ -> Y v  | INVX2    | 0.047 |   1.109 |    1.104 | 
     | g210922            | A1 v -> Y ^ | OAI21X4  | 0.059 |   1.168 |    1.164 | 
     | g210741            | B ^ -> Y v  | NAND2X1  | 0.083 |   1.251 |    1.246 | 
     | g210490            | B v -> Y ^  | NAND2BX1 | 0.066 |   1.317 |    1.312 | 
     | g210334            | B ^ -> Y v  | NOR2X1   | 0.049 |   1.366 |    1.361 | 
     | g210313            | B v -> Y ^  | NOR2X2   | 0.055 |   1.421 |    1.416 | 
     | g209956            | A1 ^ -> Y v | AOI21X1  | 0.105 |   1.525 |    1.521 | 
     | g209648            | A1 v -> Y ^ | AOI21XL  | 0.110 |   1.635 |    1.630 | 
     | g212498            | B ^ -> Y ^  | XOR2XL   | 0.137 |   1.772 |    1.767 | 
     | p4val_m2m3_reg[21] | SI ^        | SDFFQX1  | 0.000 |   1.772 |    1.767 | 
     +--------------------------------------------------------------------------+ 
Path 2: VIOLATED Setup Check with Pin p1sum3m1_reg[19]/CK 
Endpoint:   p1sum3m1_reg[19]/D (^) checked with  leading edge of 'CLK'
Beginpoint: p0r14m1_reg[0]/Q   (^) triggered by  leading edge of 'CLK'
Path Groups: {CLK}
Analysis View: av_lsMax_rcWorst_cmFunc
Other End Arrival Time          0.500
- Setup                         0.118
+ Phase Shift                   2.000
- Uncertainty                   0.500
= Required Time                 1.882
- Arrival Time                  1.886
= Slack Time                   -0.004
     Clock Rise Edge                 0.000
     + Clock Network Latency (Ideal) 0.500
     = Beginpoint Arrival Time       0.500
     +--------------------------------------------------------------------------+ 
     |     Instance     |     Arc      |   Cell    | Delay | Arrival | Required | 
     |                  |              |           |       |  Time   |   Time   | 
     |------------------+--------------+-----------+-------+---------+----------| 
     | p0r14m1_reg[0]   | CK ^         |           |       |   0.500 |    0.496 | 
     | p0r14m1_reg[0]   | CK ^ -> Q ^  | SDFFQX1   | 0.184 |   0.684 |    0.680 | 
     | g212192          | A ^ -> Y v   | NOR2X1    | 0.051 |   0.735 |    0.731 | 
     | g211279          | A v -> Y ^   | NOR2X1    | 0.070 |   0.804 |    0.800 | 
     | g210950          | AN ^ -> Y ^  | NOR2BX1   | 0.100 |   0.904 |    0.900 | 
     | g212495          | A0 ^ -> Y ^  | OA21X1    | 0.159 |   1.064 |    1.060 | 
     | g222371          | A1N ^ -> Y ^ | AOI2BB1X1 | 0.099 |   1.163 |    1.159 | 
     | g222369          | C ^ -> Y v   | NAND3X1   | 0.114 |   1.277 |    1.273 | 
     | g210223          | B v -> Y ^   | NAND2BX1  | 0.080 |   1.357 |    1.353 | 
     | g210082          | B ^ -> Y v   | NAND2X1   | 0.076 |   1.433 |    1.429 | 
     | g209660          | B v -> Y ^   | NOR2BX1   | 0.082 |   1.515 |    1.511 | 
     | g209356          | B ^ -> Y v   | NAND2X1   | 0.078 |   1.593 |    1.589 | 
     | g212542          | B v -> Y ^   | XNOR2XL   | 0.155 |   1.748 |    1.744 | 
     | g209058          | B ^ -> Y ^   | MX2XL     | 0.138 |   1.886 |    1.882 | 
     | p1sum3m1_reg[19] | D ^          | DFFQXL    | 0.000 |   1.886 |    1.882 | 
     +--------------------------------------------------------------------------+ 
Path 3: VIOLATED Setup Check with Pin p1sum1m2_reg[19]/CK 
Endpoint:   p1sum1m2_reg[19]/D (^) checked with  leading edge of 'CLK'
Beginpoint: p0r5m2_reg[0]/Q    (^) triggered by  leading edge of 'CLK'
Path Groups: {CLK}
Analysis View: av_lsMax_rcWorst_cmFunc
Other End Arrival Time          0.500
- Setup                         0.118
+ Phase Shift                   2.000
- Uncertainty                   0.500
= Required Time                 1.882
- Arrival Time                  1.885
= Slack Time                   -0.003
     Clock Rise Edge                 0.000
     + Clock Network Latency (Ideal) 0.500
     = Beginpoint Arrival Time       0.500
     +--------------------------------------------------------------------------+ 
     |     Instance     |     Arc      |   Cell    | Delay | Arrival | Required | 
     |                  |              |           |       |  Time   |   Time   | 
     |------------------+--------------+-----------+-------+---------+----------| 
     | p0r5m2_reg[0]    | CK ^         |           |       |   0.500 |    0.497 | 
     | p0r5m2_reg[0]    | CK ^ -> Q ^  | SDFFQX1   | 0.182 |   0.682 |    0.679 | 
     | g220022          | A ^ -> Y v   | NAND2X1   | 0.070 |   0.751 |    0.748 | 
     | g211634          | A1N v -> Y v | AOI2BB1XL | 0.117 |   0.869 |    0.866 | 
     | g210973          | B v -> Y ^   | NOR2X1    | 0.071 |   0.940 |    0.936 | 
     | g210591          | A1 ^ -> Y v  | OAI31X1   | 0.109 |   1.048 |    1.045 | 
     | g210552          | B v -> Y ^   | NOR2X1    | 0.095 |   1.143 |    1.140 | 
     | g222368          | C ^ -> Y v   | NAND3X1   | 0.115 |   1.258 |    1.255 | 
     | g210227          | B v -> Y ^   | NAND2BX1  | 0.080 |   1.339 |    1.336 | 
     | g210080          | B ^ -> Y v   | NAND2X1   | 0.076 |   1.415 |    1.412 | 
     | g209677          | B v -> Y ^   | NOR2BX1   | 0.082 |   1.497 |    1.494 | 
     | g209279          | B ^ -> Y v   | NAND2X1   | 0.078 |   1.575 |    1.571 | 
     | g212530          | B v -> Y ^   | XNOR2X1   | 0.172 |   1.747 |    1.744 | 
     | g209057          | B ^ -> Y ^   | MX2XL     | 0.139 |   1.885 |    1.882 | 
     | p1sum1m2_reg[19] | D ^          | DFFQXL    | 0.000 |   1.885 |    1.882 | 
     +--------------------------------------------------------------------------+ 
Path 4: VIOLATED Setup Check with Pin p5out_reg[19]/CK 
Endpoint:   p5out_reg[19]/D     (^) checked with  leading edge of 'CLK'
Beginpoint: p4val_m2m3_reg[1]/Q (^) triggered by  leading edge of 'CLK'
Path Groups: {CLK}
Analysis View: av_lsMax_rcWorst_cmFunc
Other End Arrival Time          0.500
- Setup                         0.137
+ Phase Shift                   2.000
- Uncertainty                   0.500
= Required Time                 1.863
- Arrival Time                  1.866
= Slack Time                   -0.003
     Clock Rise Edge                 0.000
     + Clock Network Latency (Ideal) 0.500
     = Beginpoint Arrival Time       0.500
     +---------------------------------------------------------------------------+ 
     |     Instance      |     Arc      |   Cell    | Delay | Arrival | Required | 
     |                   |              |           |       |  Time   |   Time   | 
     |-------------------+--------------+-----------+-------+---------+----------| 
     | p4val_m2m3_reg[1] | CK ^         |           |       |   0.500 |    0.497 | 
     | p4val_m2m3_reg[1] | CK ^ -> Q ^  | SDFFQX1   | 0.187 |   0.687 |    0.684 | 
     | g222352           | A0N ^ -> Y ^ | OAI2BB1X1 | 0.139 |   0.825 |    0.823 | 
     | g218043           | B ^ -> Y ^   | CLKAND2X2 | 0.104 |   0.929 |    0.926 | 
     | g217733           | A1 ^ -> Y v  | OAI21X2   | 0.076 |   1.005 |    1.002 | 
     | g210920           | A1 v -> Y ^  | OAI21X2   | 0.090 |   1.095 |    1.092 | 
     | g210682           | B ^ -> Y v   | NAND2X1   | 0.078 |   1.173 |    1.170 | 
     | g210665           | B v -> Y ^   | NAND2X1   | 0.059 |   1.232 |    1.229 | 
     | g210619           | A ^ -> Y v   | INVX1     | 0.054 |   1.286 |    1.283 | 
     | g212494           | B v -> Y ^   | NOR2BX2   | 0.054 |   1.341 |    1.338 | 
     | g210314           | A1 ^ -> Y v  | OAI21X2   | 0.084 |   1.425 |    1.422 | 
     | g210253           | A v -> Y ^   | INVX1     | 0.061 |   1.485 |    1.482 | 
     | g209935           | A1 ^ -> Y v  | AOI21X1   | 0.089 |   1.574 |    1.571 | 
     | g209623           | A1 v -> Y ^  | OAI21X1   | 0.093 |   1.667 |    1.664 | 
     | g220717           | B ^ -> Y v   | XNOR2X1   | 0.143 |   1.810 |    1.807 | 
     | g209238           | A1 v -> Y ^  | OAI21X1   | 0.056 |   1.866 |    1.863 | 
     | p5out_reg[19]     | D ^          | DFFHQX1   | 0.000 |   1.866 |    1.863 | 
     +---------------------------------------------------------------------------+ 
Path 5: VIOLATED Setup Check with Pin p4val_m2m3_reg[21]/CK 
Endpoint:   p4val_m2m3_reg[21]/SI (^) checked with  leading edge of 'CLK'
Beginpoint: p3outm3_reg[0]/Q      (^) triggered by  leading edge of 'CLK'
Path Groups: {CLK}
Analysis View: av_lsMax_rcWorst_cmFunc
Other End Arrival Time          0.500
- Setup                         0.233
+ Phase Shift                   2.000
- Uncertainty                   0.500
= Required Time                 1.767
- Arrival Time                  1.768
= Slack Time                   -0.001
     Clock Rise Edge                 0.000
     + Clock Network Latency (Ideal) 0.500
     = Beginpoint Arrival Time       0.500
     +--------------------------------------------------------------------------+ 
     |      Instance      |     Arc     |   Cell   | Delay | Arrival | Required | 
     |                    |             |          |       |  Time   |   Time   | 
     |--------------------+-------------+----------+-------+---------+----------| 
     | p3outm3_reg[0]     | CK ^        |          |       |   0.500 |    0.499 | 
     | p3outm3_reg[0]     | CK ^ -> Q ^ | SDFFQX1  | 0.186 |   0.686 |    0.685 | 
     | g220068            | A ^ -> Y v  | NAND2X2  | 0.072 |   0.759 |    0.757 | 
     | g218306            | B v -> Y ^  | NAND2BX1 | 0.055 |   0.814 |    0.812 | 
     | g217962            | B ^ -> Y v  | NAND2X1  | 0.059 |   0.873 |    0.872 | 
     | g217833            | B v -> Y ^  | NOR2X1   | 0.076 |   0.949 |    0.947 | 
     | g217701            | B ^ -> Y v  | NOR2X2   | 0.062 |   1.011 |    1.009 | 
     | g217659            | B v -> Y ^  | NOR2X4   | 0.048 |   1.059 |    1.058 | 
     | g217558            | A ^ -> Y v  | INVX2    | 0.047 |   1.106 |    1.104 | 
     | g210922            | A1 v -> Y ^ | OAI21X4  | 0.059 |   1.165 |    1.164 | 
     | g210741            | B ^ -> Y v  | NAND2X1  | 0.083 |   1.248 |    1.246 | 
     | g210490            | B v -> Y ^  | NAND2BX1 | 0.066 |   1.314 |    1.312 | 
     | g210334            | B ^ -> Y v  | NOR2X1   | 0.049 |   1.363 |    1.361 | 
     | g210313            | B v -> Y ^  | NOR2X2   | 0.055 |   1.417 |    1.416 | 
     | g209956            | A1 ^ -> Y v | AOI21X1  | 0.105 |   1.522 |    1.521 | 
     | g209648            | A1 v -> Y ^ | AOI21XL  | 0.110 |   1.632 |    1.630 | 
     | g212498            | B ^ -> Y ^  | XOR2XL   | 0.137 |   1.768 |    1.767 | 
     | p4val_m2m3_reg[21] | SI ^        | SDFFQX1  | 0.000 |   1.768 |    1.767 | 
     +--------------------------------------------------------------------------+ 

