###############################################################
#  Generated by:      Cadence Innovus 21.17-s075_1
#  OS:                Linux x86_64(Host ID ssh-soc.ece.ubc.ca)
#  Generated on:      Mon Dec 22 14:25:38 2025
#  Design:            mkMACBuff
#  Command:           report_timing -nworst 5 > ./reports/${TOP_LEVEL}_postCTS.rpt
###############################################################
Path 1: MET Setup Check with Pin p0r11m3_reg[6]/CK 
Endpoint:   p0r11m3_reg[6]/D (^) checked with  leading edge of 'CLK'
Beginpoint: mac_vectB_3[14]  (^) triggered by  leading edge of 'io_virtual_clk'
Path Groups: {in2reg}
Analysis View: av_lsMax_rcWorst_cmFunc
Other End Arrival Time          0.010
- Setup                         0.241
+ Phase Shift                   2.000
= Required Time                 1.769
- Arrival Time                  1.767
= Slack Time                    0.002
     Clock Rise Edge                      0.000
     + Input Delay                        0.500
     + Drive Adjustment                   0.033
     = Beginpoint Arrival Time            0.533
     +--------------------------------------------------------------------------------------+ 
     |         Instance         |        Arc        |   Cell   | Delay | Arrival | Required | 
     |                          |                   |          |       |  Time   |   Time   | 
     |--------------------------+-------------------+----------+-------+---------+----------| 
     |                          | mac_vectB_3[14] ^ |          |       |   0.533 |    0.534 | 
     | FE_OFC543_mac_vectB_3_14 | A ^ -> Y ^        | BUFX12   | 0.126 |   0.659 |    0.661 | 
     | g220429                  | B ^ -> Y v        | NAND2X2  | 0.141 |   0.799 |    0.801 | 
     | g219091                  | A v -> Y ^        | NOR2X1   | 0.166 |   0.966 |    0.968 | 
     | FE_RC_4186_0             | AN ^ -> Y ^       | NOR2BX1  | 0.142 |   1.108 |    1.110 | 
     | FE_RC_4185_0             | B ^ -> Y v        | NAND2X1  | 0.086 |   1.194 |    1.196 | 
     | FE_RC_4181_0             | C v -> Y ^        | NAND3BX1 | 0.068 |   1.262 |    1.264 | 
     | g217545                  | B ^ -> Y v        | NAND2BX1 | 0.102 |   1.364 |    1.366 | 
     | FE_RC_339_0              | A v -> Y ^        | INVX1    | 0.081 |   1.445 |    1.447 | 
     | FE_RC_5725_0             | A1 ^ -> Y v       | OAI21X1  | 0.093 |   1.538 |    1.540 | 
     | FE_RC_1389_0             | B0 v -> Y ^       | AOI21X1  | 0.100 |   1.638 |    1.640 | 
     | FE_RC_4162_0             | S0 ^ -> Y ^       | MXI2XL   | 0.128 |   1.767 |    1.769 | 
     | p0r11m3_reg[6]           | D ^               | SDFFHQX1 | 0.000 |   1.767 |    1.769 | 
     +--------------------------------------------------------------------------------------+ 
Path 2: MET Setup Check with Pin p0r11m3_reg[6]/CK 
Endpoint:   p0r11m3_reg[6]/D (^) checked with  leading edge of 'CLK'
Beginpoint: mac_vectB_3[13]  (^) triggered by  leading edge of 'io_virtual_clk'
Path Groups: {in2reg}
Analysis View: av_lsMax_rcWorst_cmFunc
Other End Arrival Time          0.010
- Setup                         0.241
+ Phase Shift                   2.000
= Required Time                 1.769
- Arrival Time                  1.764
= Slack Time                    0.004
     Clock Rise Edge                      0.000
     + Input Delay                        0.500
     + Drive Adjustment                   0.029
     = Beginpoint Arrival Time            0.529
     +--------------------------------------------------------------------------------------+ 
     |         Instance         |        Arc        |   Cell   | Delay | Arrival | Required | 
     |                          |                   |          |       |  Time   |   Time   | 
     |--------------------------+-------------------+----------+-------+---------+----------| 
     |                          | mac_vectB_3[13] ^ |          |       |   0.529 |    0.533 | 
     | FE_OFC609_mac_vectB_3_13 | A ^ -> Y ^        | BUFX12   | 0.121 |   0.650 |    0.654 | 
     | g220429                  | A ^ -> Y v        | NAND2X2  | 0.147 |   0.797 |    0.801 | 
     | g219091                  | A v -> Y ^        | NOR2X1   | 0.166 |   0.963 |    0.968 | 
     | FE_RC_4186_0             | AN ^ -> Y ^       | NOR2BX1  | 0.142 |   1.105 |    1.110 | 
     | FE_RC_4185_0             | B ^ -> Y v        | NAND2X1  | 0.086 |   1.192 |    1.196 | 
     | FE_RC_4181_0             | C v -> Y ^        | NAND3BX1 | 0.068 |   1.259 |    1.264 | 
     | g217545                  | B ^ -> Y v        | NAND2BX1 | 0.102 |   1.361 |    1.366 | 
     | FE_RC_339_0              | A v -> Y ^        | INVX1    | 0.081 |   1.442 |    1.447 | 
     | FE_RC_5725_0             | A1 ^ -> Y v       | OAI21X1  | 0.093 |   1.535 |    1.540 | 
     | FE_RC_1389_0             | B0 v -> Y ^       | AOI21X1  | 0.100 |   1.636 |    1.640 | 
     | FE_RC_4162_0             | S0 ^ -> Y ^       | MXI2XL   | 0.128 |   1.764 |    1.769 | 
     | p0r11m3_reg[6]           | D ^               | SDFFHQX1 | 0.000 |   1.764 |    1.769 | 
     +--------------------------------------------------------------------------------------+ 
Path 3: MET Setup Check with Pin p0r4m3_reg[6]/CK 
Endpoint:   p0r4m3_reg[6]/D (^) checked with  leading edge of 'CLK'
Beginpoint: mac_vectA_3[6]  (v) triggered by  leading edge of 'io_virtual_clk'
Path Groups: {in2reg}
Analysis View: av_lsMax_rcWorst_cmFunc
Other End Arrival Time         -0.023
- Setup                         0.234
+ Phase Shift                   2.000
= Required Time                 1.743
- Arrival Time                  1.730
= Slack Time                    0.013
     Clock Rise Edge                      0.000
     + Input Delay                        0.500
     + Drive Adjustment                   0.040
     = Beginpoint Arrival Time            0.540
     +------------------------------------------------------------------------------------+ 
     |        Instance         |       Arc        |   Cell   | Delay | Arrival | Required | 
     |                         |                  |          |       |  Time   |   Time   | 
     |-------------------------+------------------+----------+-------+---------+----------| 
     |                         | mac_vectA_3[6] v |          |       |   0.540 |    0.553 | 
     | FE_OFC472_mac_vectA_3_6 | A v -> Y v       | BUFX12   | 0.131 |   0.671 |    0.684 | 
     | FE_OFC473_mac_vectA_3_6 | A v -> Y ^       | INVX2    | 0.077 |   0.748 |    0.761 | 
     | g220208                 | A ^ -> Y v       | NOR2X2   | 0.063 |   0.811 |    0.824 | 
     | FE_RC_2398_0            | B v -> Y ^       | NAND2X1  | 0.045 |   0.856 |    0.869 | 
     | FE_RC_2397_0            | B0 ^ -> Y v      | OAI21X1  | 0.136 |   0.993 |    1.006 | 
     | g217616                 | CI v -> S ^      | ADDFX1   | 0.362 |   1.355 |    1.368 | 
     | g217362                 | B ^ -> Y v       | NAND2X2  | 0.097 |   1.452 |    1.465 | 
     | FE_RC_6204_0            | A1 v -> Y ^      | OAI21X2  | 0.097 |   1.549 |    1.562 | 
     | g216629                 | B0 ^ -> Y v      | AOI21X1  | 0.063 |   1.613 |    1.625 | 
     | FE_RC_1243_0            | S0 v -> Y ^      | MXI2XL   | 0.117 |   1.730 |    1.743 | 
     | p0r4m3_reg[6]           | D ^              | SDFFHQX1 | 0.000 |   1.730 |    1.743 | 
     +------------------------------------------------------------------------------------+ 
Path 4: MET Setup Check with Pin p0r4m3_reg[6]/CK 
Endpoint:   p0r4m3_reg[6]/D (^) checked with  leading edge of 'CLK'
Beginpoint: mac_vectA_3[6]  (v) triggered by  leading edge of 'io_virtual_clk'
Path Groups: {in2reg}
Analysis View: av_lsMax_rcWorst_cmFunc
Other End Arrival Time         -0.023
- Setup                         0.234
+ Phase Shift                   2.000
= Required Time                 1.743
- Arrival Time                  1.729
= Slack Time                    0.013
     Clock Rise Edge                      0.000
     + Input Delay                        0.500
     + Drive Adjustment                   0.040
     = Beginpoint Arrival Time            0.540
     +------------------------------------------------------------------------------------+ 
     |        Instance         |       Arc        |   Cell   | Delay | Arrival | Required | 
     |                         |                  |          |       |  Time   |   Time   | 
     |-------------------------+------------------+----------+-------+---------+----------| 
     |                         | mac_vectA_3[6] v |          |       |   0.540 |    0.553 | 
     | FE_OFC472_mac_vectA_3_6 | A v -> Y v       | BUFX12   | 0.131 |   0.671 |    0.684 | 
     | FE_OFC473_mac_vectA_3_6 | A v -> Y ^       | INVX2    | 0.077 |   0.748 |    0.761 | 
     | g220208                 | A ^ -> Y v       | NOR2X2   | 0.063 |   0.811 |    0.825 | 
     | FE_RC_2398_0            | B v -> Y ^       | NAND2X1  | 0.045 |   0.856 |    0.870 | 
     | FE_RC_2397_0            | B0 ^ -> Y v      | OAI21X1  | 0.136 |   0.993 |    1.006 | 
     | g217616                 | CI v -> S ^      | ADDFX1   | 0.362 |   1.355 |    1.368 | 
     | g217357                 | B ^ -> Y v       | NOR2X1   | 0.067 |   1.422 |    1.435 | 
     | g216949_dup             | B v -> Y ^       | NOR2BX1  | 0.079 |   1.501 |    1.515 | 
     | g216629                 | A1 ^ -> Y v      | AOI21X1  | 0.111 |   1.612 |    1.625 | 
     | FE_RC_1243_0            | S0 v -> Y ^      | MXI2XL   | 0.117 |   1.729 |    1.743 | 
     | p0r4m3_reg[6]           | D ^              | SDFFHQX1 | 0.000 |   1.729 |    1.743 | 
     +------------------------------------------------------------------------------------+ 
Path 5: MET Setup Check with Pin p0r4m3_reg[6]/CK 
Endpoint:   p0r4m3_reg[6]/D (^) checked with  leading edge of 'CLK'
Beginpoint: mac_vectA_3[4]  (^) triggered by  leading edge of 'io_virtual_clk'
Path Groups: {in2reg}
Analysis View: av_lsMax_rcWorst_cmFunc
Other End Arrival Time         -0.023
- Setup                         0.234
+ Phase Shift                   2.000
= Required Time                 1.743
- Arrival Time                  1.721
= Slack Time                    0.022
     Clock Rise Edge                      0.000
     + Input Delay                        0.500
     + Drive Adjustment                   0.038
     = Beginpoint Arrival Time            0.538
     +------------------------------------------------------------------------------------+ 
     |        Instance         |       Arc        |   Cell   | Delay | Arrival | Required | 
     |                         |                  |          |       |  Time   |   Time   | 
     |-------------------------+------------------+----------+-------+---------+----------| 
     |                         | mac_vectA_3[4] ^ |          |       |   0.538 |    0.560 | 
     | FE_OFC636_mac_vectA_3_4 | A ^ -> Y ^       | BUFX6    | 0.134 |   0.671 |    0.694 | 
     | g220085                 | B ^ -> Y v       | NAND2X1  | 0.099 |   0.770 |    0.792 | 
     | FE_OFC342_n_3405        | A v -> Y v       | BUFX3    | 0.128 |   0.898 |    0.920 | 
     | g219102                 | B v -> Y ^       | NOR2X1   | 0.127 |   1.025 |    1.048 | 
     | g218078                 | AN ^ -> Y ^      | NAND2BX1 | 0.132 |   1.157 |    1.180 | 
     | g216982                 | B ^ -> CO ^      | ADDFX1   | 0.213 |   1.370 |    1.392 | 
     | g216949_dup             | AN ^ -> Y ^      | NOR2BX1  | 0.122 |   1.493 |    1.515 | 
     | g216629                 | A1 ^ -> Y v      | AOI21X1  | 0.111 |   1.603 |    1.625 | 
     | FE_RC_1243_0            | S0 v -> Y ^      | MXI2XL   | 0.117 |   1.721 |    1.743 | 
     | p0r4m3_reg[6]           | D ^              | SDFFHQX1 | 0.000 |   1.721 |    1.743 | 
     +------------------------------------------------------------------------------------+ 

