###############################################################
#  Generated by:      Cadence Innovus 21.17-s075_1
#  OS:                Linux x86_64(Host ID ssh-soc.ece.ubc.ca)
#  Generated on:      Mon Dec 22 14:28:46 2025
#  Design:            mkMACBuff
#  Command:           report_timing -nworst 5 > ./reports/${TOP_LEVEL}_final.rpt
###############################################################
Path 1: MET Setup Check with Pin write_addr_reg_reg[2]/CK 
Endpoint:   write_addr_reg_reg[2]/D (^) checked with  leading edge of 'CLK'
Beginpoint: RST_N                   (^) triggered by  leading edge of '@'
Path Groups: {in2reg}
Analysis View: av_lsMax_rcWorst_cmFunc
Other End Arrival Time          0.460
- Setup                         0.110
+ Phase Shift                   2.000
+ CPPR Adjustment               0.000
= Required Time                 2.350
- Arrival Time                  1.972
= Slack Time                    0.378
     Clock Rise Edge                      0.000
     + Input Delay                        0.000
     = Beginpoint Arrival Time            0.000
     +---------------------------------------------------------------------------------+ 
     |         Instance         |     Arc     |   Cell    | Delay | Arrival | Required | 
     |                          |             |           |       |  Time   |   Time   | 
     |--------------------------+-------------+-----------+-------+---------+----------| 
     |                          | RST_N ^     |           |       |   0.000 |    0.378 | 
     | FE_PHC1172_RST_N         | A ^ -> Y ^  | DLY1X4    | 0.221 |   0.221 |    0.600 | 
     | FE_PHC1173_RST_N         | A ^ -> Y ^  | CLKBUFX12 | 0.163 |   0.385 |    0.763 | 
     | FE_OFC18_RST_N           | A ^ -> Y ^  | BUFX6     | 0.207 |   0.592 |    0.970 | 
     | FE_DBTC0_RST_N           | A ^ -> Y v  | INVX2     | 0.130 |   0.722 |    1.100 | 
     | FE_OFC854_FE_DBTN0_RST_N | A v -> Y v  | BUFX6     | 0.179 |   0.901 |    1.280 | 
     | FE_OFC4_FE_DBTN0_RST_N   | A v -> Y v  | BUFX6     | 0.236 |   1.138 |    1.516 | 
     | g211947                  | A v -> Y v  | OR2X1     | 0.241 |   1.378 |    1.757 | 
     | g210103                  | A v -> Y ^  | NAND2X1   | 0.105 |   1.483 |    1.862 | 
     | g212474                  | B ^ -> Y v  | NAND2BX1  | 0.162 |   1.646 |    2.024 | 
     | FE_RC_4680_0             | D v -> Y v  | OR4X1     | 0.279 |   1.925 |    2.303 | 
     | FE_RC_3657_0             | B0 v -> Y ^ | OAI2BB1X1 | 0.047 |   1.972 |    2.350 | 
     | write_addr_reg_reg[2]    | D ^         | DFFHQX1   | 0.000 |   1.972 |    2.350 | 
     +---------------------------------------------------------------------------------+ 
Path 2: MET Setup Check with Pin write_addr_reg_reg[4]/CK 
Endpoint:   write_addr_reg_reg[4]/D (^) checked with  leading edge of 'CLK'
Beginpoint: RST_N                   (^) triggered by  leading edge of '@'
Path Groups: {in2reg}
Analysis View: av_lsMax_rcWorst_cmFunc
Other End Arrival Time          0.460
- Setup                         0.109
+ Phase Shift                   2.000
+ CPPR Adjustment               0.000
= Required Time                 2.350
- Arrival Time                  1.971
= Slack Time                    0.379
     Clock Rise Edge                      0.000
     + Input Delay                        0.000
     = Beginpoint Arrival Time            0.000
     +---------------------------------------------------------------------------------+ 
     |         Instance         |     Arc     |   Cell    | Delay | Arrival | Required | 
     |                          |             |           |       |  Time   |   Time   | 
     |--------------------------+-------------+-----------+-------+---------+----------| 
     |                          | RST_N ^     |           |       |   0.000 |    0.379 | 
     | FE_PHC1172_RST_N         | A ^ -> Y ^  | DLY1X4    | 0.221 |   0.221 |    0.601 | 
     | FE_PHC1173_RST_N         | A ^ -> Y ^  | CLKBUFX12 | 0.163 |   0.385 |    0.764 | 
     | FE_OFC18_RST_N           | A ^ -> Y ^  | BUFX6     | 0.207 |   0.592 |    0.971 | 
     | FE_DBTC0_RST_N           | A ^ -> Y v  | INVX2     | 0.130 |   0.722 |    1.102 | 
     | FE_OFC854_FE_DBTN0_RST_N | A v -> Y v  | BUFX6     | 0.179 |   0.901 |    1.281 | 
     | FE_OFC4_FE_DBTN0_RST_N   | A v -> Y v  | BUFX6     | 0.236 |   1.138 |    1.517 | 
     | g211947                  | A v -> Y v  | OR2X1     | 0.241 |   1.378 |    1.758 | 
     | g210103                  | A v -> Y ^  | NAND2X1   | 0.105 |   1.483 |    1.863 | 
     | g212474                  | B ^ -> Y v  | NAND2BX1  | 0.162 |   1.646 |    2.025 | 
     | FE_RC_4642_0             | D v -> Y v  | OR4X1     | 0.279 |   1.925 |    2.304 | 
     | g209436                  | B0 v -> Y ^ | OAI2BB1X1 | 0.046 |   1.971 |    2.350 | 
     | write_addr_reg_reg[4]    | D ^         | DFFHQX1   | 0.000 |   1.971 |    2.350 | 
     +---------------------------------------------------------------------------------+ 
Path 3: MET Setup Check with Pin write_addr_reg_reg[2]/CK 
Endpoint:   write_addr_reg_reg[2]/D (v) checked with  leading edge of 'CLK'
Beginpoint: RST_N                   (v) triggered by  leading edge of '@'
Path Groups: {in2reg}
Analysis View: av_lsMax_rcWorst_cmFunc
Other End Arrival Time          0.460
- Setup                         0.060
+ Phase Shift                   2.000
+ CPPR Adjustment               0.000
= Required Time                 2.399
- Arrival Time                  2.012
= Slack Time                    0.388
     Clock Rise Edge                      0.000
     + Input Delay                        0.000
     = Beginpoint Arrival Time            0.000
     +----------------------------------------------------------------------------------+ 
     |         Instance         |     Arc      |   Cell    | Delay | Arrival | Required | 
     |                          |              |           |       |  Time   |   Time   | 
     |--------------------------+--------------+-----------+-------+---------+----------| 
     |                          | RST_N v      |           |       |   0.000 |    0.388 | 
     | FE_PHC1172_RST_N         | A v -> Y v   | DLY1X4    | 0.242 |   0.242 |    0.630 | 
     | FE_PHC1173_RST_N         | A v -> Y v   | CLKBUFX12 | 0.181 |   0.423 |    0.811 | 
     | FE_OFC18_RST_N           | A v -> Y v   | BUFX6     | 0.233 |   0.656 |    1.044 | 
     | FE_DBTC0_RST_N           | A v -> Y ^   | INVX2     | 0.138 |   0.794 |    1.182 | 
     | FE_OFC854_FE_DBTN0_RST_N | A ^ -> Y ^   | BUFX6     | 0.167 |   0.960 |    1.348 | 
     | FE_OFC4_FE_DBTN0_RST_N   | A ^ -> Y ^   | BUFX6     | 0.212 |   1.172 |    1.560 | 
     | g211947                  | A ^ -> Y ^   | OR2X1     | 0.193 |   1.365 |    1.753 | 
     | g210103                  | A ^ -> Y v   | NAND2X1   | 0.155 |   1.520 |    1.908 | 
     | FE_OFC664_n_2222         | A v -> Y ^   | INVX1     | 0.119 |   1.639 |    2.027 | 
     | FE_RC_995_0              | B ^ -> Y v   | NOR2X1    | 0.064 |   1.703 |    2.091 | 
     | FE_RC_994_0              | B v -> Y ^   | NOR2X1    | 0.085 |   1.788 |    2.176 | 
     | g209692                  | B0 ^ -> Y v  | OAI21X1   | 0.109 |   1.897 |    2.285 | 
     | FE_RC_3657_0             | A1N v -> Y v | OAI2BB1X1 | 0.115 |   2.012 |    2.399 | 
     | write_addr_reg_reg[2]    | D v          | DFFHQX1   | 0.000 |   2.012 |    2.399 | 
     +----------------------------------------------------------------------------------+ 
Path 4: MET Setup Check with Pin write_addr_reg_reg[3]/CK 
Endpoint:   write_addr_reg_reg[3]/D (^) checked with  leading edge of 'CLK'
Beginpoint: RST_N                   (^) triggered by  leading edge of '@'
Path Groups: {in2reg}
Analysis View: av_lsMax_rcWorst_cmFunc
Other End Arrival Time          0.457
- Setup                         0.171
+ Phase Shift                   2.000
+ CPPR Adjustment               0.000
= Required Time                 2.286
- Arrival Time                  1.857
= Slack Time                    0.429
     Clock Rise Edge                      0.000
     + Input Delay                        0.000
     = Beginpoint Arrival Time            0.000
     +---------------------------------------------------------------------------------+ 
     |         Instance         |     Arc     |   Cell    | Delay | Arrival | Required | 
     |                          |             |           |       |  Time   |   Time   | 
     |--------------------------+-------------+-----------+-------+---------+----------| 
     |                          | RST_N ^     |           |       |   0.000 |    0.429 | 
     | FE_PHC1172_RST_N         | A ^ -> Y ^  | DLY1X4    | 0.221 |   0.221 |    0.651 | 
     | FE_PHC1173_RST_N         | A ^ -> Y ^  | CLKBUFX12 | 0.163 |   0.385 |    0.814 | 
     | FE_OFC18_RST_N           | A ^ -> Y ^  | BUFX6     | 0.207 |   0.592 |    1.022 | 
     | FE_DBTC0_RST_N           | A ^ -> Y v  | INVX2     | 0.130 |   0.722 |    1.152 | 
     | FE_OFC854_FE_DBTN0_RST_N | A v -> Y v  | BUFX6     | 0.179 |   0.901 |    1.331 | 
     | FE_OFC4_FE_DBTN0_RST_N   | A v -> Y v  | BUFX6     | 0.236 |   1.138 |    1.567 | 
     | g211947                  | A v -> Y v  | OR2X1     | 0.241 |   1.378 |    1.808 | 
     | g210103                  | A v -> Y ^  | NAND2X1   | 0.105 |   1.483 |    1.913 | 
     | g212474                  | B ^ -> Y v  | NAND2BX1  | 0.162 |   1.646 |    2.075 | 
     | g209556                  | A0 v -> Y ^ | OAI32X1   | 0.211 |   1.857 |    2.286 | 
     | write_addr_reg_reg[3]    | D ^         | DFFX1     | 0.000 |   1.857 |    2.286 | 
     +---------------------------------------------------------------------------------+ 
Path 5: MET Setup Check with Pin write_addr_reg_reg[1]/CK 
Endpoint:   write_addr_reg_reg[1]/D (^) checked with  leading edge of 'CLK'
Beginpoint: RST_N                   (^) triggered by  leading edge of '@'
Path Groups: {in2reg}
Analysis View: av_lsMax_rcWorst_cmFunc
Other End Arrival Time          0.460
- Setup                         0.169
+ Phase Shift                   2.000
+ CPPR Adjustment               0.000
= Required Time                 2.290
- Arrival Time                  1.859
= Slack Time                    0.432
     Clock Rise Edge                      0.000
     + Input Delay                        0.000
     = Beginpoint Arrival Time            0.000
     +---------------------------------------------------------------------------------+ 
     |         Instance         |     Arc     |   Cell    | Delay | Arrival | Required | 
     |                          |             |           |       |  Time   |   Time   | 
     |--------------------------+-------------+-----------+-------+---------+----------| 
     |                          | RST_N ^     |           |       |   0.000 |    0.432 | 
     | FE_PHC1172_RST_N         | A ^ -> Y ^  | DLY1X4    | 0.221 |   0.221 |    0.653 | 
     | FE_PHC1173_RST_N         | A ^ -> Y ^  | CLKBUFX12 | 0.163 |   0.385 |    0.816 | 
     | FE_OFC18_RST_N           | A ^ -> Y ^  | BUFX6     | 0.207 |   0.592 |    1.024 | 
     | FE_DBTC0_RST_N           | A ^ -> Y v  | INVX2     | 0.130 |   0.722 |    1.154 | 
     | FE_OFC854_FE_DBTN0_RST_N | A v -> Y v  | BUFX6     | 0.179 |   0.901 |    1.333 | 
     | FE_OFC4_FE_DBTN0_RST_N   | A v -> Y v  | BUFX6     | 0.236 |   1.138 |    1.570 | 
     | g211947                  | A v -> Y v  | OR2X1     | 0.241 |   1.378 |    1.810 | 
     | g210103                  | A v -> Y ^  | NAND2X1   | 0.105 |   1.483 |    1.915 | 
     | g212474                  | B ^ -> Y v  | NAND2BX1  | 0.162 |   1.646 |    2.077 | 
     | g209599                  | A0 v -> Y ^ | OAI32X1   | 0.213 |   1.859 |    2.290 | 
     | write_addr_reg_reg[1]    | D ^         | DFFX1     | 0.000 |   1.859 |    2.290 | 
     +---------------------------------------------------------------------------------+ 

